// Jest Snapshot v1, https://goo.gl/fbAQLP

exports[`Paragraph Component should match snapshot correctly 1`] = `
<p
  class="sc-bdfBQB dHdZBQ"
>
  Lorem ipsum dolor sit amet, consectetur adipiscing elit. Proin eu magna lorem. Morbi scelerisque sapien sit amet mi bibendum elementum. Praesent id nibh vehicula, dapibus mauris eu, maximus ipsum. Vivamus a mauris sed justo aliquam euismod aliquet quis tortor. Quisque quis luctus nisi. Fusce nisi nunc, aliquet quis ultrices eget, lobortis nec justo. Phasellus at faucibus nisl, ut consequat leo. Curabitur hendrerit quam diam, vitae ornare tellus consequat in.
</p>
`;
